sequence size exceeds remaining buffer
sequence size exceeds remaining buffer
sequence size exceeds remaining buffer
[INFO] [1784787357.091881515] [mujoco_sim_node]: MuJoCo model loaded successfully. sim.dt set to 0.0020 s
[INFO] [1784787357.092182600] [mujoco_sim_node]: Detected 40 stair/step geoms for UI toggles.
[INFO] [1784787357.092278069] [mujoco_sim_node]: Detected 9 slope/ramp geoms for UI toggles.
[INFO] [1784787357.092326790] [mujoco_sim_node]: Foot metrics flat-terrain mode enabled: stair_visual=false, stair_collision=false, slope_visual=false, slope_collision=false
[INFO] [1784787357.093620865] [mujoco_sim_node]: Joystick subscriber created.
[INFO] [1784787357.353720052] [mujoco_sim_node]: PD gains actuator[0] joint=FL_HR_JOINT kp=50.000 kd=5.000
actuator_ctrl_min_[0] = -120
actuator_ctrl_max_[0] = 120
pd_kp_[0] = 50
pd_kd_[0] = 5
[INFO] [1784787357.353826682] [mujoco_sim_node]: PD gains actuator[1] joint=FR_HR_JOINT kp=50.000 kd=5.000
actuator_ctrl_min_[1] = -120
actuator_ctrl_max_[1] = 120
pd_kp_[1] = 50
pd_kd_[1] = 5
[INFO] [1784787357.353861397] [mujoco_sim_node]: PD gains actuator[2] joint=RL_HR_JOINT kp=50.000 kd=5.000
actuator_ctrl_min_[2] = -120
actuator_ctrl_max_[2] = 120
pd_kp_[2] = 50
pd_kd_[2] = 5
[INFO] [1784787357.353890872] [mujoco_sim_node]: PD gains actuator[3] joint=RR_HR_JOINT kp=50.000 kd=5.000
actuator_ctrl_min_[3] = -120
actuator_ctrl_max_[3] = 120
pd_kp_[3] = 50
pd_kd_[3] = 5
[INFO] [1784787357.353919866] [mujoco_sim_node]: PD gains actuator[4] joint=FL_HP_JOINT kp=100.000 kd=5.000
actuator_ctrl_min_[4] = -120
actuator_ctrl_max_[4] = 120
pd_kp_[4] = 100
pd_kd_[4] = 5
[INFO] [1784787357.353949171] [mujoco_sim_node]: PD gains actuator[5] joint=FR_HP_JOINT kp=100.000 kd=5.000
actuator_ctrl_min_[5] = -120
actuator_ctrl_max_[5] = 120
pd_kp_[5] = 100
pd_kd_[5] = 5
[INFO] [1784787357.353995728] [mujoco_sim_node]: PD gains actuator[6] joint=RL_HP_JOINT kp=100.000 kd=5.000
actuator_ctrl_min_[6] = -120
actuator_ctrl_max_[6] = 120
pd_kp_[6] = 100
pd_kd_[6] = 5
[INFO] [1784787357.354023941] [mujoco_sim_node]: PD gains actuator[7] joint=RR_HP_JOINT kp=100.000 kd=5.000
actuator_ctrl_min_[7] = -120
actuator_ctrl_max_[7] = 120
pd_kp_[7] = 100
pd_kd_[7] = 5
[INFO] [1784787357.354054218] [mujoco_sim_node]: PD gains actuator[8] joint=FL_KN_JOINT kp=250.000 kd=5.000
actuator_ctrl_min_[8] = -320
actuator_ctrl_max_[8] = 320
pd_kp_[8] = 250
pd_kd_[8] = 5
[INFO] [1784787357.354082401] [mujoco_sim_node]: PD gains actuator[9] joint=FR_KN_JOINT kp=250.000 kd=5.000
actuator_ctrl_min_[9] = -320
actuator_ctrl_max_[9] = 320
pd_kp_[9] = 250
pd_kd_[9] = 5
[INFO] [1784787357.354110143] [mujoco_sim_node]: PD gains actuator[10] joint=RL_KN_JOINT kp=250.000 kd=5.000
actuator_ctrl_min_[10] = -320
actuator_ctrl_max_[10] = 320
pd_kp_[10] = 250
pd_kd_[10] = 5
[INFO] [1784787357.354139107] [mujoco_sim_node]: PD gains actuator[11] joint=RR_KN_JOINT kp=250.000 kd=5.000
actuator_ctrl_min_[11] = -320
actuator_ctrl_max_[11] = 320
pd_kp_[11] = 250
pd_kd_[11] = 5
[INFO] [1784787357.354149356] [mujoco_sim_node]: Set initial spawn position to: [0.00, 0.00, 0.63]
[INFO] [1784787357.354159305] [mujoco_sim_node]: Selected gait mode 0 (slow trot): [frequency=1.20, offset=0.50, duration=0.66, swing_height=0.07]
[INFO] [1784787357.354167801] [mujoco_sim_node]: Foot metrics auto-run armed: command=[x=0.500 m/s, y=0.000 m/s, yaw=0.000 rad/s], gait_mode=0, settle=5.0 s, capture=12.00 s
ONNX Controller 초기화 시작: /home/rclab/pbr2_ws/src/rclab_mujoco_sim/src/nn/implicit/사뿐사뿐_now/policy.onnx
ONNX Controller 초기화 완료.
ONNX Controller 초기화 시작: /home/rclab/pbr2_ws/src/rclab_mujoco_sim/src/nn/implicit/사뿐사뿐_now/encoder.onnx
ONNX Controller 초기화 완료.
encoder_input_size_240
policy_input_size_70
[INFO] [1784787357.366367493] [mujoco_sim_node]: Loaded implicit ONNX models. encoder=/home/rclab/pbr2_ws/src/rclab_mujoco_sim/src/nn/implicit/사뿐사뿐_now/encoder.onnx policy=/home/rclab/pbr2_ws/src/rclab_mujoco_sim/src/nn/implicit/사뿐사뿐_now/policy.onnx adaptive=n/a obs=48 hist=5 encoder_in=240 encoder_out=19 policy_in=70 direct_policy=false base_state_from_encoder=false policy_obs_excludes_base_state=false

==============================================
               Joint Order                    
==============================================
Index 0: Actuator 'FL_HR_JOINT' -> Joint 'FL_HR_JOINT'
Index 1: Actuator 'FR_HR_JOINT' -> Joint 'FR_HR_JOINT'
Index 2: Actuator 'RL_HR_JOINT' -> Joint 'RL_HR_JOINT'
Index 3: Actuator 'RR_HR_JOINT' -> Joint 'RR_HR_JOINT'
Index 4: Actuator 'FL_HP_JOINT' -> Joint 'FL_HP_JOINT'
Index 5: Actuator 'FR_HP_JOINT' -> Joint 'FR_HP_JOINT'
Index 6: Actuator 'RL_HP_JOINT' -> Joint 'RL_HP_JOINT'
Index 7: Actuator 'RR_HP_JOINT' -> Joint 'RR_HP_JOINT'
Index 8: Actuator 'FL_KN_JOINT' -> Joint 'FL_KN_JOINT'
Index 9: Actuator 'FR_KN_JOINT' -> Joint 'FR_KN_JOINT'
Index 10: Actuator 'RL_KN_JOINT' -> Joint 'RL_KN_JOINT'
Index 11: Actuator 'RR_KN_JOINT' -> Joint 'RR_KN_JOINT'
==============================================

[INFO] [1784787357.406886612] [mujoco_sim_node]: RTF: 80220.45
[INFO] [1784787358.413195824] [mujoco_sim_node]: RTF: 1.08
[INFO] [1784787359.413431904] [mujoco_sim_node]: RTF: 1.08
[INFO] [1784787360.430447669] [mujoco_sim_node]: RTF: 0.95
[INFO] [1784787361.447220899] [mujoco_sim_node]: RTF: 1.08
[INFO] [1784787362.114450881] [mujoco_sim_node]: Started foot metrics logging: label=tip toe — four gait presets output=/home/rclab/r2_isaaclab_trone/artifacts/tiptoe_gait_contact_map_vx0p5/tiptoe_four_gaits_raw.csv threshold=1.000 N duration=12.00 s
[INFO] [1784787362.114837024] [mujoco_sim_node]: Started phase2 CSV logging at /home/rclab/pbr2_ws/src/rclab_mujoco_sim/src/matlab/payload_MuJoCo_implicit.csv
[INFO] [1784787362.115026209] [mujoco_sim_node]: Started CSV capture for obs_MuJoCo/action_MuJoCo at policy step 0
[INFO] [1784787362.115232726] [mujoco_sim_node]: Saved first policy input/output to /home/rclab/pbr2_ws/policy_input_debug_20260723_151602.txt
[INFO] [1784787362.116004281] [mujoco_sim_node]: Started policy debug CSV logging at /home/rclab/pbr2_ws/src/rclab_mujoco_sim/src/matlab/policy_debug_MuJoCo.csv
[INFO] [1784787362.119056932] [mujoco_sim_node]: Started PongBot-format MuJoCo log at /home/rclab/pbr2_ws/src/rclab_mujoco_sim/src/matlab/MuJoCo_PongBot_auto_log.txt
[INFO] [1784787362.447356973] [mujoco_sim_node]: RTF: 1.11
[INFO] [1784787362.598783826] [mujoco_sim_node]: Finished CSV capture after 50 policy steps. Files: /home/rclab/pbr2_ws/obs_MuJoCo.csv, /home/rclab/pbr2_ws/action_MuJoCo.csv
[INFO] [1784787363.447465024] [mujoco_sim_node]: RTF: 1.05
[INFO] [1784787364.463761751] [mujoco_sim_node]: RTF: 0.96
[INFO] [1784787365.113933557] [mujoco_sim_node]: Selected gait mode 1 (nominal trot): [frequency=1.45, offset=0.50, duration=0.60, swing_height=0.08]
[INFO] [1784787365.464409393] [mujoco_sim_node]: RTF: 0.96
[INFO] [1784787366.464517665] [mujoco_sim_node]: RTF: 0.93
[INFO] [1784787367.464662034] [mujoco_sim_node]: RTF: 0.96
[INFO] [1784787368.097430035] [mujoco_sim_node]: Selected gait mode 2 (fast trot): [frequency=1.75, offset=0.50, duration=0.54, swing_height=0.08]
[INFO] [1784787368.481409746] [mujoco_sim_node]: RTF: 0.96
[INFO] [1784787369.481438789] [mujoco_sim_node]: RTF: 1.04
[INFO] [1784787370.481526632] [mujoco_sim_node]: RTF: 1.08
[INFO] [1784787371.097602043] [mujoco_sim_node]: Selected gait mode 3 (high-clearance trot): [frequency=1.45, offset=0.50, duration=0.60, swing_height=0.13]
[INFO] [1784787371.481584318] [mujoco_sim_node]: RTF: 1.08
[INFO] [1784787372.498332441] [mujoco_sim_node]: RTF: 0.97
[INFO] [1784787373.515083560] [mujoco_sim_node]: RTF: 0.96
[INFO] [1784787374.116706408] [mujoco_sim_node]: Completed foot metrics experiment: /home/rclab/r2_isaaclab_trone/artifacts/tiptoe_gait_contact_map_vx0p5/tiptoe_four_gaits_raw.csv (12.000 s, 6001 samples)
[INFO] [1784787374.189237977] [mujoco_sim_node]: Cleaned up all resources.
