sequence size exceeds remaining buffer
sequence size exceeds remaining buffer
sequence size exceeds remaining buffer
[INFO] [1784787829.276745873] [mujoco_sim_node]: MuJoCo model loaded successfully. sim.dt set to 0.0020 s
[INFO] [1784787829.277073717] [mujoco_sim_node]: Detected 40 stair/step geoms for UI toggles.
[INFO] [1784787829.277177846] [mujoco_sim_node]: Detected 9 slope/ramp geoms for UI toggles.
[INFO] [1784787829.277225406] [mujoco_sim_node]: Foot metrics flat-terrain mode enabled: stair_visual=false, stair_collision=false, slope_visual=false, slope_collision=false
[INFO] [1784787829.278519932] [mujoco_sim_node]: Joystick subscriber created.
[INFO] [1784787829.542501874] [mujoco_sim_node]: PD gains actuator[0] joint=FL_HR_JOINT kp=50.000 kd=5.000
actuator_ctrl_min_[0] = -120
actuator_ctrl_max_[0] = 120
pd_kp_[0] = 50
pd_kd_[0] = 5
[INFO] [1784787829.542602245] [mujoco_sim_node]: PD gains actuator[1] joint=FR_HR_JOINT kp=50.000 kd=5.000
actuator_ctrl_min_[1] = -120
actuator_ctrl_max_[1] = 120
pd_kp_[1] = 50
pd_kd_[1] = 5
[INFO] [1784787829.542627974] [mujoco_sim_node]: PD gains actuator[2] joint=RL_HR_JOINT kp=50.000 kd=5.000
actuator_ctrl_min_[2] = -120
actuator_ctrl_max_[2] = 120
pd_kp_[2] = 50
pd_kd_[2] = 5
[INFO] [1784787829.542650637] [mujoco_sim_node]: PD gains actuator[3] joint=RR_HR_JOINT kp=50.000 kd=5.000
actuator_ctrl_min_[3] = -120
actuator_ctrl_max_[3] = 120
pd_kp_[3] = 50
pd_kd_[3] = 5
[INFO] [1784787829.542673601] [mujoco_sim_node]: PD gains actuator[4] joint=FL_HP_JOINT kp=100.000 kd=5.000
actuator_ctrl_min_[4] = -120
actuator_ctrl_max_[4] = 120
pd_kp_[4] = 100
pd_kd_[4] = 5
[INFO] [1784787829.542696023] [mujoco_sim_node]: PD gains actuator[5] joint=FR_HP_JOINT kp=100.000 kd=5.000
actuator_ctrl_min_[5] = -120
actuator_ctrl_max_[5] = 120
pd_kp_[5] = 100
pd_kd_[5] = 5
[INFO] [1784787829.542718456] [mujoco_sim_node]: PD gains actuator[6] joint=RL_HP_JOINT kp=100.000 kd=5.000
actuator_ctrl_min_[6] = -120
actuator_ctrl_max_[6] = 120
pd_kp_[6] = 100
pd_kd_[6] = 5
[INFO] [1784787829.542739636] [mujoco_sim_node]: PD gains actuator[7] joint=RR_HP_JOINT kp=100.000 kd=5.000
actuator_ctrl_min_[7] = -120
actuator_ctrl_max_[7] = 120
pd_kp_[7] = 100
pd_kd_[7] = 5
[INFO] [1784787829.542764384] [mujoco_sim_node]: PD gains actuator[8] joint=FL_KN_JOINT kp=250.000 kd=5.000
actuator_ctrl_min_[8] = -320
actuator_ctrl_max_[8] = 320
pd_kp_[8] = 250
pd_kd_[8] = 5
[INFO] [1784787829.542786125] [mujoco_sim_node]: PD gains actuator[9] joint=FR_KN_JOINT kp=250.000 kd=5.000
actuator_ctrl_min_[9] = -320
actuator_ctrl_max_[9] = 320
pd_kp_[9] = 250
pd_kd_[9] = 5
[INFO] [1784787829.542808498] [mujoco_sim_node]: PD gains actuator[10] joint=RL_KN_JOINT kp=250.000 kd=5.000
actuator_ctrl_min_[10] = -320
actuator_ctrl_max_[10] = 320
pd_kp_[10] = 250
pd_kd_[10] = 5
[INFO] [1784787829.542830850] [mujoco_sim_node]: PD gains actuator[11] joint=RR_KN_JOINT kp=250.000 kd=5.000
actuator_ctrl_min_[11] = -320
actuator_ctrl_max_[11] = 320
pd_kp_[11] = 250
pd_kd_[11] = 5
[INFO] [1784787829.542838465] [mujoco_sim_node]: Set initial spawn position to: [0.00, 0.00, 0.63]
[INFO] [1784787829.542845308] [mujoco_sim_node]: Selected gait mode 0 (slow trot): [frequency=1.20, offset=0.50, duration=0.66, swing_height=0.07]
[INFO] [1784787829.542850768] [mujoco_sim_node]: Foot metrics auto-run armed: command=[x=0.500 m/s, y=0.000 m/s, yaw=0.000 rad/s], gait_mode=0, settle=5.0 s, capture=12.00 s
ONNX Controller 초기화 시작: /home/rclab/pbr2_ws/src/rclab_mujoco_sim/src/nn/implicit/real/policy.onnx
ONNX Controller 초기화 완료.
ONNX Controller 초기화 시작: /home/rclab/pbr2_ws/src/rclab_mujoco_sim/src/nn/implicit/real/encoder.onnx
ONNX Controller 초기화 완료.
encoder_input_size_240
policy_input_size_70
[INFO] [1784787829.558137125] [mujoco_sim_node]: Loaded implicit ONNX models. encoder=/home/rclab/pbr2_ws/src/rclab_mujoco_sim/src/nn/implicit/real/encoder.onnx policy=/home/rclab/pbr2_ws/src/rclab_mujoco_sim/src/nn/implicit/real/policy.onnx adaptive=n/a obs=48 hist=5 encoder_in=240 encoder_out=19 policy_in=70 direct_policy=false base_state_from_encoder=false policy_obs_excludes_base_state=false

==============================================
               Joint Order                    
==============================================
Index 0: Actuator 'FL_HR_JOINT' -> Joint 'FL_HR_JOINT'
Index 1: Actuator 'FR_HR_JOINT' -> Joint 'FR_HR_JOINT'
Index 2: Actuator 'RL_HR_JOINT' -> Joint 'RL_HR_JOINT'
Index 3: Actuator 'RR_HR_JOINT' -> Joint 'RR_HR_JOINT'
Index 4: Actuator 'FL_HP_JOINT' -> Joint 'FL_HP_JOINT'
Index 5: Actuator 'FR_HP_JOINT' -> Joint 'FR_HP_JOINT'
Index 6: Actuator 'RL_HP_JOINT' -> Joint 'RL_HP_JOINT'
Index 7: Actuator 'RR_HP_JOINT' -> Joint 'RR_HP_JOINT'
Index 8: Actuator 'FL_KN_JOINT' -> Joint 'FL_KN_JOINT'
Index 9: Actuator 'FR_KN_JOINT' -> Joint 'FR_KN_JOINT'
Index 10: Actuator 'RL_KN_JOINT' -> Joint 'RL_KN_JOINT'
Index 11: Actuator 'RR_KN_JOINT' -> Joint 'RR_KN_JOINT'
==============================================

[INFO] [1784787829.602778005] [mujoco_sim_node]: RTF: 66221.89
[INFO] [1784787830.608233463] [mujoco_sim_node]: RTF: 1.08
[INFO] [1784787831.608336795] [mujoco_sim_node]: RTF: 1.08
[INFO] [1784787832.608491763] [mujoco_sim_node]: RTF: 1.08
[INFO] [1784787833.608634257] [mujoco_sim_node]: RTF: 1.10
[INFO] [1784787834.293135781] [mujoco_sim_node]: Started foot metrics logging: label=baseline — four gait presets output=/home/rclab/r2_isaaclab_trone/artifacts/baseline_gait_contact_map_vx0p5/baseline_four_gaits_raw.csv threshold=1.000 N duration=12.00 s
[INFO] [1784787834.309277563] [mujoco_sim_node]: Started phase2 CSV logging at /home/rclab/pbr2_ws/src/rclab_mujoco_sim/src/matlab/payload_MuJoCo_implicit.csv
[INFO] [1784787834.309531286] [mujoco_sim_node]: Started CSV capture for obs_MuJoCo/action_MuJoCo at policy step 0
[INFO] [1784787834.309790801] [mujoco_sim_node]: Saved first policy input/output to /home/rclab/pbr2_ws/policy_input_debug_20260723_152354.txt
[INFO] [1784787834.310800424] [mujoco_sim_node]: Started policy debug CSV logging at /home/rclab/pbr2_ws/src/rclab_mujoco_sim/src/matlab/policy_debug_MuJoCo.csv
[INFO] [1784787834.313741515] [mujoco_sim_node]: Started PongBot-format MuJoCo log at /home/rclab/pbr2_ws/src/rclab_mujoco_sim/src/matlab/MuJoCo_PongBot_auto_log.txt
[INFO] [1784787834.609132327] [mujoco_sim_node]: RTF: 1.09
[INFO] [1784787834.792852602] [mujoco_sim_node]: Finished CSV capture after 50 policy steps. Files: /home/rclab/pbr2_ws/obs_MuJoCo.csv, /home/rclab/pbr2_ws/action_MuJoCo.csv
[INFO] [1784787835.609270460] [mujoco_sim_node]: RTF: 1.05
[INFO] [1784787836.609450000] [mujoco_sim_node]: RTF: 0.96
[INFO] [1784787837.292938049] [mujoco_sim_node]: Selected gait mode 1 (nominal trot): [frequency=1.45, offset=0.50, duration=0.60, swing_height=0.08]
[INFO] [1784787837.625709622] [mujoco_sim_node]: RTF: 1.00
[INFO] [1784787838.625855706] [mujoco_sim_node]: RTF: 0.96
[INFO] [1784787839.625935954] [mujoco_sim_node]: RTF: 0.96
[INFO] [1784787840.293357945] [mujoco_sim_node]: Selected gait mode 2 (fast trot): [frequency=1.75, offset=0.50, duration=0.54, swing_height=0.08]
[INFO] [1784787840.626052811] [mujoco_sim_node]: RTF: 1.04
[INFO] [1784787841.626128057] [mujoco_sim_node]: RTF: 0.96
[INFO] [1784787842.626214765] [mujoco_sim_node]: RTF: 1.04
[INFO] [1784787843.259693555] [mujoco_sim_node]: Selected gait mode 3 (high-clearance trot): [frequency=1.45, offset=0.50, duration=0.60, swing_height=0.13]
[INFO] [1784787843.626327152] [mujoco_sim_node]: RTF: 1.08
[INFO] [1784787844.627072594] [mujoco_sim_node]: RTF: 1.08
[INFO] [1784787845.627187515] [mujoco_sim_node]: RTF: 1.08
[INFO] [1784787846.295409016] [mujoco_sim_node]: Completed foot metrics experiment: /home/rclab/r2_isaaclab_trone/artifacts/baseline_gait_contact_map_vx0p5/baseline_four_gaits_raw.csv (12.000 s, 6001 samples)
[INFO] [1784787846.359254411] [mujoco_sim_node]: Cleaned up all resources.
