[INFO] [1784788220.793099684] [mujoco_sim_node]: MuJoCo model loaded successfully. sim.dt set to 0.0020 s
[INFO] [1784788220.793387398] [mujoco_sim_node]: Detected 40 stair/step geoms for UI toggles.
[INFO] [1784788220.793473451] [mujoco_sim_node]: Detected 9 slope/ramp geoms for UI toggles.
[INFO] [1784788220.793538174] [mujoco_sim_node]: Foot metrics flat-terrain mode enabled: stair_visual=false, stair_collision=false, slope_visual=false, slope_collision=false
[INFO] [1784788220.794697936] [mujoco_sim_node]: Joystick subscriber created.
[INFO] [1784788221.058622406] [mujoco_sim_node]: PD gains actuator[0] joint=FL_HR_JOINT kp=50.000 kd=5.000
actuator_ctrl_min_[0] = -120
actuator_ctrl_max_[0] = 120
pd_kp_[0] = 50
pd_kd_[0] = 5
[INFO] [1784788221.058707988] [mujoco_sim_node]: PD gains actuator[1] joint=FR_HR_JOINT kp=50.000 kd=5.000
actuator_ctrl_min_[1] = -120
actuator_ctrl_max_[1] = 120
pd_kp_[1] = 50
pd_kd_[1] = 5
[INFO] [1784788221.058723146] [mujoco_sim_node]: PD gains actuator[2] joint=RL_HR_JOINT kp=50.000 kd=5.000
actuator_ctrl_min_[2] = -120
actuator_ctrl_max_[2] = 120
pd_kp_[2] = 50
pd_kd_[2] = 5
[INFO] [1784788221.058736922] [mujoco_sim_node]: PD gains actuator[3] joint=RR_HR_JOINT kp=50.000 kd=5.000
actuator_ctrl_min_[3] = -120
actuator_ctrl_max_[3] = 120
pd_kp_[3] = 50
pd_kd_[3] = 5
[INFO] [1784788221.058748735] [mujoco_sim_node]: PD gains actuator[4] joint=FL_HP_JOINT kp=100.000 kd=5.000
actuator_ctrl_min_[4] = -120
actuator_ctrl_max_[4] = 120
pd_kp_[4] = 100
pd_kd_[4] = 5
[INFO] [1784788221.058762000] [mujoco_sim_node]: PD gains actuator[5] joint=FR_HP_JOINT kp=100.000 kd=5.000
actuator_ctrl_min_[5] = -120
actuator_ctrl_max_[5] = 120
pd_kp_[5] = 100
pd_kd_[5] = 5
[INFO] [1784788221.058773972] [mujoco_sim_node]: PD gains actuator[6] joint=RL_HP_JOINT kp=100.000 kd=5.000
actuator_ctrl_min_[6] = -120
actuator_ctrl_max_[6] = 120
pd_kp_[6] = 100
pd_kd_[6] = 5
[INFO] [1784788221.058786346] [mujoco_sim_node]: PD gains actuator[7] joint=RR_HP_JOINT kp=100.000 kd=5.000
actuator_ctrl_min_[7] = -120
actuator_ctrl_max_[7] = 120
pd_kp_[7] = 100
pd_kd_[7] = 5
[INFO] [1784788221.058798409] [mujoco_sim_node]: PD gains actuator[8] joint=FL_KN_JOINT kp=250.000 kd=5.000
actuator_ctrl_min_[8] = -320
actuator_ctrl_max_[8] = 320
pd_kp_[8] = 250
pd_kd_[8] = 5
[INFO] [1784788221.058810862] [mujoco_sim_node]: PD gains actuator[9] joint=FR_KN_JOINT kp=250.000 kd=5.000
actuator_ctrl_min_[9] = -320
actuator_ctrl_max_[9] = 320
pd_kp_[9] = 250
pd_kd_[9] = 5
[INFO] [1784788221.058825059] [mujoco_sim_node]: PD gains actuator[10] joint=RL_KN_JOINT kp=250.000 kd=5.000
actuator_ctrl_min_[10] = -320
actuator_ctrl_max_[10] = 320
pd_kp_[10] = 250
pd_kd_[10] = 5
[INFO] [1784788221.058837843] [mujoco_sim_node]: PD gains actuator[11] joint=RR_KN_JOINT kp=250.000 kd=5.000
actuator_ctrl_min_[11] = -320
actuator_ctrl_max_[11] = 320
pd_kp_[11] = 250
pd_kd_[11] = 5
[INFO] [1784788221.058847582] [mujoco_sim_node]: Set initial spawn position to: [0.00, 0.00, 0.63]
[INFO] [1784788221.058851689] [mujoco_sim_node]: Selected gait mode 0 (baseline trained fixed gait): [frequency=2.00, offset=0.50, duration=0.50, swing_height=0.05]
[INFO] [1784788221.058856769] [mujoco_sim_node]: Foot metrics auto-run armed: command=[x=0.500 m/s, y=0.000 m/s, yaw=0.000 rad/s], gait_mode=0, settle=5.0 s, capture=3.00 s
ONNX Controller 초기화 시작: /home/rclab/pbr2_ws/src/rclab_mujoco_sim/src/nn/implicit/real/policy.onnx
ONNX Controller 초기화 완료.
ONNX Controller 초기화 시작: /home/rclab/pbr2_ws/src/rclab_mujoco_sim/src/nn/implicit/real/encoder.onnx
ONNX Controller 초기화 완료.
encoder_input_size_240
policy_input_size_70
[INFO] [1784788221.071486757] [mujoco_sim_node]: Loaded implicit ONNX models. encoder=/home/rclab/pbr2_ws/src/rclab_mujoco_sim/src/nn/implicit/real/encoder.onnx policy=/home/rclab/pbr2_ws/src/rclab_mujoco_sim/src/nn/implicit/real/policy.onnx adaptive=n/a obs=48 hist=5 encoder_in=240 encoder_out=19 policy_in=70 direct_policy=false base_state_from_encoder=false policy_obs_excludes_base_state=false

==============================================
               Joint Order                    
==============================================
Index 0: Actuator 'FL_HR_JOINT' -> Joint 'FL_HR_JOINT'
Index 1: Actuator 'FR_HR_JOINT' -> Joint 'FR_HR_JOINT'
Index 2: Actuator 'RL_HR_JOINT' -> Joint 'RL_HR_JOINT'
Index 3: Actuator 'RR_HR_JOINT' -> Joint 'RR_HR_JOINT'
Index 4: Actuator 'FL_HP_JOINT' -> Joint 'FL_HP_JOINT'
Index 5: Actuator 'FR_HP_JOINT' -> Joint 'FR_HP_JOINT'
Index 6: Actuator 'RL_HP_JOINT' -> Joint 'RL_HP_JOINT'
Index 7: Actuator 'RR_HP_JOINT' -> Joint 'RR_HP_JOINT'
Index 8: Actuator 'FL_KN_JOINT' -> Joint 'FL_KN_JOINT'
Index 9: Actuator 'FR_KN_JOINT' -> Joint 'FR_KN_JOINT'
Index 10: Actuator 'RL_KN_JOINT' -> Joint 'RL_KN_JOINT'
Index 11: Actuator 'RR_KN_JOINT' -> Joint 'RR_KN_JOINT'
==============================================

[INFO] [1784788221.119086178] [mujoco_sim_node]: RTF: 53306.61
[INFO] [1784788222.123286422] [mujoco_sim_node]: RTF: 0.96
[INFO] [1784788223.123377033] [mujoco_sim_node]: RTF: 0.95
[INFO] [1784788224.123643361] [mujoco_sim_node]: RTF: 0.96
[INFO] [1784788225.123669041] [mujoco_sim_node]: RTF: 0.96
[INFO] [1784788225.807893528] [mujoco_sim_node]: Started foot metrics logging: label=baseline — trained fixed gait output=/home/rclab/r2_isaaclab_trone/artifacts/baseline_trained_gait_vx0p5/baseline_trained_gait_raw.csv threshold=1.000 N duration=3.00 s
[INFO] [1784788225.824121547] [mujoco_sim_node]: Started phase2 CSV logging at /home/rclab/pbr2_ws/src/rclab_mujoco_sim/src/matlab/payload_MuJoCo_implicit.csv
[INFO] [1784788225.824310303] [mujoco_sim_node]: Started CSV capture for obs_MuJoCo/action_MuJoCo at policy step 0
[INFO] [1784788225.824480696] [mujoco_sim_node]: Saved first policy input/output to /home/rclab/pbr2_ws/policy_input_debug_20260723_153025.txt
[INFO] [1784788225.825264588] [mujoco_sim_node]: Started policy debug CSV logging at /home/rclab/pbr2_ws/src/rclab_mujoco_sim/src/matlab/policy_debug_MuJoCo.csv
[INFO] [1784788225.827769894] [mujoco_sim_node]: Started PongBot-format MuJoCo log at /home/rclab/pbr2_ws/src/rclab_mujoco_sim/src/matlab/MuJoCo_PongBot_auto_log.txt
[INFO] [1784788226.124082921] [mujoco_sim_node]: RTF: 0.98
[INFO] [1784788226.307664317] [mujoco_sim_node]: Finished CSV capture after 50 policy steps. Files: /home/rclab/pbr2_ws/obs_MuJoCo.csv, /home/rclab/pbr2_ws/action_MuJoCo.csv
[INFO] [1784788227.124143098] [mujoco_sim_node]: RTF: 1.09
[INFO] [1784788228.124235853] [mujoco_sim_node]: RTF: 1.00
[INFO] [1784788228.824869371] [mujoco_sim_node]: Completed foot metrics experiment: /home/rclab/r2_isaaclab_trone/artifacts/baseline_trained_gait_vx0p5/baseline_trained_gait_raw.csv (3.002 s, 1502 samples)
[INFO] [1784788228.873699471] [mujoco_sim_node]: Cleaned up all resources.
